// Vitest Snapshot v1, https://vitest.dev/guide/snapshot.html

exports[`Footer snapshots > match snapshot render 1`] = `
<div>
  <footer
    class="bg-gray-100 border-t mt-8 py-6"
  >
    <div
      class="max-w-4xl mx-auto px-4 flex flex-col md:flex-row items-center justify-between text-sm text-gray-600 gap-4"
    >
      <div
        class="flex items-center gap-3 text-center md:text-left"
      >
        <a
          class="flex items-center gap-2"
          href="/"
        >
          <img
            alt="Flik Blog"
            class="w-12 h-auto"
            height="48"
            src="/logo.png"
            width="48"
          />
          <span
            class="font-semibold text-gray-800"
          >
            Flik
          </span>
        </a>
        <p
          class="text-gray-600"
        >
          Un blog de tecnología aleatoria
        </p>
      </div>
      <nav
        class="flex items-center gap-4"
      >
        <a
          class="hover:text-gray-800"
          href="/about"
        >
          Sobre Flik
        </a>
        <a
          class="hover:text-gray-800"
          href="/privacy"
        >
          Privacidad
        </a>
        <a
          class="hover:text-gray-800"
          href="/terminos"
        >
          Términos
        </a>
        <a
          class="hover:text-gray-800"
          href="/contact"
        >
          Contacto
        </a>
        <a
          class="hover:text-gray-800"
          href="https://www.linkedin.com/company/flikcl/"
          target="_blank"
        >
          Linkedin
        </a>
        <a
          class="hover:text-gray-800"
          href="/mapa"
        >
          Mapa
        </a>
      </nav>
    </div>
    <p
      class="mt-4 text-center text-xs text-gray-700"
    >
      © 
      2025
       Flik
    </p>
  </footer>
</div>
`;
